ДЗ 3_5

###### **1. Задание**

Прочитано 


###### **2. Задание**


Жесткая сслыка имеет тот же inode что и файл. Поэтому прав доступа и владелец будут одни и те же. 

###### **3. Задание**

Vagrant up
...

###### **4.Задание**

agrant@vagrant:~$ lsblk  
NAME                 MAJ:MIN RM  SIZE RO TYPE MOUNTPOINT  
sda                    8:0    0   64G  0 disk  
├─sda1                 8:1    0  512M  0 part /boot/efi  
├─sda2                 8:2    0    1K  0 part  
└─sda5                 8:5    0 63.5G  0 part  
  ├─vgvagrant-root   253:0    0 62.6G  0 lvm  /  
  └─vgvagrant-swap_1 253:1    0  980M  0 lvm  [SWAP]  
sdb                    8:16   0  2.5G  0 disk  
sdc                    8:32   0  2.5G  0 disk  
vagrant@vagrant:~$  



fdisk /dev/sdb  

sudo fdisk -l  
Device     Boot   Start     End Sectors  Size Id Type  
/dev/sdb1          2048 4196351 4194304    2G 83 Linux  
/dev/sdb2       4196352 5242879 1046528  511M 83 Linux  


###### **5.Задание**


vagrant@vagrant:~$ sudo -i  
root@vagrant:~# sfdisk -d /dev/sdb|sfdisk --force /dev/sdc  
Checking that no-one is using this disk right now ... OK  

Disk /dev/sdc: 2.51 GiB, 2684354560 bytes, 5242880 sectors  
Disk model: VBOX HARDDISK  
Units: sectors of 1 * 512 = 512 bytes  
Sector size (logical/physical): 512 bytes / 512 bytes  
I/O size (minimum/optimal): 512 bytes / 512 bytes  

>>> Script header accepted.  
>>> Script header accepted.  
>>> Script header accepted.  
>>> Script header accepted.  
>>> Created a new DOS disklabel with disk identifier 0x11557c1d.  
/dev/sdc1: Created a new partition 1 of type 'Linux' and of size 2 GiB.  
/dev/sdc2: Created a new partition 2 of type 'Linux' and of size 511 MiB.  
/dev/sdc3: Done.  

New situation:  
Disklabel type: dos  
Disk identifier: 0x11557c1d  

Device     Boot   Start     End Sectors  Size Id Type  
/dev/sdc1          2048 4196351 4194304    2G 83 Linux  
/dev/sdc2       4196352 5242879 1046528  511M 83 Linux  

The partition table has been altered.  
Calling ioctl() to re-read partition table.  
Syncing disks.  
root@vagrant:~#  



###### **6. Задание**
 
root@vagrant:~# mdadm --create --verbose /dev/md1 -l 1 -n 2 /dev/sd{b1,c1}  
mdadm: Note: this array has metadata at the start and  
    may not be suitable as a boot device.  If you plan to  
    store '/boot' on this device please ensure that  
    your boot-loader understands md/v1.x metadata, or use  
    --metadata=0.90  
mdadm: size set to 2094080K  
Continue creating array?  
Continue creating array? (y/n) y  
mdadm: Defaulting to version 1.2 metadata  
mdadm: array /dev/md1 started.  
root@vagrant:~#   


###### **7. Задание**

root@vagrant:~# mdadm --create --verbose /dev/md0 -l 1 -n 2 /dev/sd{b2,c2}  
mdadm: Note: this array has metadata at the start and  
    may not be suitable as a boot device.  If you plan to  
    store '/boot' on this device please ensure that  
    your boot-loader understands md/v1.x metadata, or use  
    --metadata=0.90  
mdadm: size set to 522240K  
Continue creating array? y  
mdadm: Defaulting to version 1.2 metadata  
mdadm: array /dev/md0 started.  
root@vagrant:~#  

###### **8. Задание**

root@vagrant:~# pvcreate /dev/md1 /dev/md0  
  Physical volume "/dev/md1" successfully created.  
  Physical volume "/dev/md0" successfully created.  
root@vagrant:~#  

###### **9. Задание**

root@vagrant:~# vgcreate vg1 /dev/md1 /dev/md0  
  Volume group "vg1" successfully created  

###### **10. Задание**

root@vagrant:~# lvcreate -L 100M vg1 /dev/md0  
  Logical volume "lvol0" created.  
root@vagrant:~#  

###### **11. Задание**

root@vagrant:~# mkfs.ext4 /dev/vg1/lvol0  
mke2fs 1.45.5 (07-Jan-2020)  
Creating filesystem with 25600 4k blocks and 25600 inodes  

Allocating group tables: done  
Writing inode tables: done  
Creating journal (1024 blocks): done  
Writing superblocks and filesystem accounting information: done  

###### **12. Задание**

root@vagrant:~# mkdir /tmp/new  
root@vagrant:~# mount /dev/vg1/lvol0 /tmp/new  
root@vagrant:~# df  
Filesystem                  1K-blocks       Used Available Use% Mounted on  
udev                           457128          0    457128   0% /dev  
tmpfs                          100460        696     99764   1% /run  
/dev/mapper/vgvagrant-root   64284292    1570636  59418424   3% /  
tmpfs                          502292          0    502292   0% /dev/shm  
tmpfs                            5120          0      5120   0% /run/lock  
tmpfs                          502292          0    502292   0% /sys/fs/cgroup  
/dev/sda1                      523248          4    523244   1% /boot/efi  
vagrant                    2403234752 2344709440  58525312  98% /vagrant  
tmpfs                          100456          0    100456   0% /run/user/1000  
/dev/mapper/vg1-lvol0           95088         72     87848   1% /tmp/new   

###### **13. Задание**

root@vagrant:~# wget https://mirror.yandex.ru/ubuntu/ls-lR.gz -O /tmp/new/test.gz  
--2021-11-27 19:06:44--  https://mirror.yandex.ru/ubuntu/ls-lR.gz  
Resolving mirror.yandex.ru (mirror.yandex.ru)... 213.180.204.183  
Connecting to mirror.yandex.ru (mirror.yandex.ru)|213.180.204.183|:443... connected.  
HTTP request sent, awaiting response... 200 OK  
Length: 22607126 (22M) [application/octet-stream]  
Saving to: ‘/tmp/new/test.gz’  

/tmp/new/test.gz              100%[=================================================>]    21.56M  3.46MB/s    in 6.9s  

2021-11-27 19:06:51 (3.14 MB/s) - ‘/tmp/new/test.gz’ saved [22607126/22607126]  

root@vagrant:~#   

###### **14. Задание**

root@vagrant:~# lsblk  
NAME                 MAJ:MIN RM  SIZE RO TYPE  MOUNTPOINT  
sda                    8:0    0   64G  0 disk  
├─sda1                 8:1    0  512M  0 part  /boot/efi  
├─sda2                 8:2    0    1K  0 part  
└─sda5                 8:5    0 63.5G  0 part  
  ├─vgvagrant-root   253:0    0 62.6G  0 lvm   /  
  └─vgvagrant-swap_1 253:1    0  980M  0 lvm   [SWAP]  
sdb                    8:16   0  2.5G  0 disk  
├─sdb1                 8:17   0    2G  0 part  
│ └─md1                9:1    0    2G  0 raid1  
└─sdb2                 8:18   0  511M  0 part  
  └─md0                9:0    0  510M  0 raid1  
    └─vg1-lvol0      253:2    0  100M  0 lvm   /tmp/new  
sdc                    8:32   0  2.5G  0 disk  
├─sdc1                 8:33   0    2G  0 part  
│ └─md1                9:1    0    2G  0 raid1  
└─sdc2                 8:34   0  511M  0 part  
  └─md0                9:0    0  510M  0 raid1  
    └─vg1-lvol0      253:2    0  100M  0 lvm   /tmp/new  
root@vagrant:~#  


###### **15. Задание**


root@vagrant:~# gzip -t /tmp/new/test.gz  
root@vagrant:~# echo $?  
0  
root@vagrant:~#  
  

###### **16. Задание**

root@vagrant:~# pvmove /dev/md0  
  /dev/md0: Moved: 8.00%  
  /dev/md0: Moved: 100.00%  

###### **17. Задание**

root@vagrant:~#  mdadm /dev/md1 --fail /dev/sdb1  
mdadm: set /dev/sdb1 faulty in /dev/md1  

###### **18. Задание**

root@vagrant:~# dmesg | grep md1  
[ 1096.661238] md/raid1:md1: not clean -- starting background reconstruction  
[ 1096.661240] md/raid1:md1: active with 2 out of 2 mirrors  
[ 1096.661261] md1: detected capacity change from 0 to 2144337920  
[ 1096.666043] md: resync of RAID array md1  
[ 1107.466066] md: md1: resync done.  
[ 1811.576926] md/raid1:md1: Disk failure on sdb1, disabling device.  
               md/raid1:md1: Operation continuing on 1 devices.  
root@vagrant:~#   

###### **19. Задание**

root@vagrant:~# gzip -t /tmp/new/test.gz  
root@vagrant:~# echo $?  
0  
root@vagrant:~#  

